###############################################################################
#
# IAR ELF Linker V8.20.2.14835/W32 for ARM                16/Mar/2018  16:11:03
# Copyright 2007-2017 IAR Systems AB.
#
#    Output file  =  
#        C:\Users\KSK\Desktop\TUT2-PWM-ADC\1.1.FW_APhi_Navigator\3.Project_APhi_Navigator\4.Project_Build\Debug\Exe\c.out
#    Map file     =  
#        C:\Users\KSK\Desktop\TUT2-PWM-ADC\1.1.FW_APhi_Navigator\3.Project_APhi_Navigator\4.Project_Build\Debug\List\c.map
#    Command line =  
#        -f C:\Users\KSK\AppData\Local\Temp\EWCA62.tmp
#        (C:\Users\KSK\Desktop\TUT2-PWM-ADC\1.1.FW_APhi_Navigator\3.Project_APhi_Navigator\4.Project_Build\Debug\Obj\ComFunction.o
#        C:\Users\KSK\Desktop\TUT2-PWM-ADC\1.1.FW_APhi_Navigator\3.Project_APhi_Navigator\4.Project_Build\Debug\Obj\croutine.o
#        C:\Users\KSK\Desktop\TUT2-PWM-ADC\1.1.FW_APhi_Navigator\3.Project_APhi_Navigator\4.Project_Build\Debug\Obj\event_groups.o
#        C:\Users\KSK\Desktop\TUT2-PWM-ADC\1.1.FW_APhi_Navigator\3.Project_APhi_Navigator\4.Project_Build\Debug\Obj\Hardware_Function_Profile.o
#        C:\Users\KSK\Desktop\TUT2-PWM-ADC\1.1.FW_APhi_Navigator\3.Project_APhi_Navigator\4.Project_Build\Debug\Obj\heap_2.o
#        C:\Users\KSK\Desktop\TUT2-PWM-ADC\1.1.FW_APhi_Navigator\3.Project_APhi_Navigator\4.Project_Build\Debug\Obj\IO_Function.o
#        C:\Users\KSK\Desktop\TUT2-PWM-ADC\1.1.FW_APhi_Navigator\3.Project_APhi_Navigator\4.Project_Build\Debug\Obj\IO_Kernel_Function.o
#        C:\Users\KSK\Desktop\TUT2-PWM-ADC\1.1.FW_APhi_Navigator\3.Project_APhi_Navigator\4.Project_Build\Debug\Obj\IO_Kernel_Task.o
#        C:\Users\KSK\Desktop\TUT2-PWM-ADC\1.1.FW_APhi_Navigator\3.Project_APhi_Navigator\4.Project_Build\Debug\Obj\list.o
#        C:\Users\KSK\Desktop\TUT2-PWM-ADC\1.1.FW_APhi_Navigator\3.Project_APhi_Navigator\4.Project_Build\Debug\Obj\main.o
#        C:\Users\KSK\Desktop\TUT2-PWM-ADC\1.1.FW_APhi_Navigator\3.Project_APhi_Navigator\4.Project_Build\Debug\Obj\misc.o
#        C:\Users\KSK\Desktop\TUT2-PWM-ADC\1.1.FW_APhi_Navigator\3.Project_APhi_Navigator\4.Project_Build\Debug\Obj\port.o
#        C:\Users\KSK\Desktop\TUT2-PWM-ADC\1.1.FW_APhi_Navigator\3.Project_APhi_Navigator\4.Project_Build\Debug\Obj\portasm.o
#        C:\Users\KSK\Desktop\TUT2-PWM-ADC\1.1.FW_APhi_Navigator\3.Project_APhi_Navigator\4.Project_Build\Debug\Obj\Project_Function.o
#        C:\Users\KSK\Desktop\TUT2-PWM-ADC\1.1.FW_APhi_Navigator\3.Project_APhi_Navigator\4.Project_Build\Debug\Obj\queue.o
#        C:\Users\KSK\Desktop\TUT2-PWM-ADC\1.1.FW_APhi_Navigator\3.Project_APhi_Navigator\4.Project_Build\Debug\Obj\ringbuf.o
#        C:\Users\KSK\Desktop\TUT2-PWM-ADC\1.1.FW_APhi_Navigator\3.Project_APhi_Navigator\4.Project_Build\Debug\Obj\startup_stm32f10x_md_freertos.o
#        C:\Users\KSK\Desktop\TUT2-PWM-ADC\1.1.FW_APhi_Navigator\3.Project_APhi_Navigator\4.Project_Build\Debug\Obj\stm32f10x_adc.o
#        C:\Users\KSK\Desktop\TUT2-PWM-ADC\1.1.FW_APhi_Navigator\3.Project_APhi_Navigator\4.Project_Build\Debug\Obj\stm32f10x_bkp.o
#        C:\Users\KSK\Desktop\TUT2-PWM-ADC\1.1.FW_APhi_Navigator\3.Project_APhi_Navigator\4.Project_Build\Debug\Obj\stm32f10x_can.o
#        C:\Users\KSK\Desktop\TUT2-PWM-ADC\1.1.FW_APhi_Navigator\3.Project_APhi_Navigator\4.Project_Build\Debug\Obj\stm32f10x_cec.o
#        C:\Users\KSK\Desktop\TUT2-PWM-ADC\1.1.FW_APhi_Navigator\3.Project_APhi_Navigator\4.Project_Build\Debug\Obj\stm32f10x_crc.o
#        C:\Users\KSK\Desktop\TUT2-PWM-ADC\1.1.FW_APhi_Navigator\3.Project_APhi_Navigator\4.Project_Build\Debug\Obj\stm32f10x_dac.o
#        C:\Users\KSK\Desktop\TUT2-PWM-ADC\1.1.FW_APhi_Navigator\3.Project_APhi_Navigator\4.Project_Build\Debug\Obj\stm32f10x_dbgmcu.o
#        C:\Users\KSK\Desktop\TUT2-PWM-ADC\1.1.FW_APhi_Navigator\3.Project_APhi_Navigator\4.Project_Build\Debug\Obj\stm32f10x_dma.o
#        C:\Users\KSK\Desktop\TUT2-PWM-ADC\1.1.FW_APhi_Navigator\3.Project_APhi_Navigator\4.Project_Build\Debug\Obj\stm32f10x_exti.o
#        C:\Users\KSK\Desktop\TUT2-PWM-ADC\1.1.FW_APhi_Navigator\3.Project_APhi_Navigator\4.Project_Build\Debug\Obj\stm32f10x_flash.o
#        C:\Users\KSK\Desktop\TUT2-PWM-ADC\1.1.FW_APhi_Navigator\3.Project_APhi_Navigator\4.Project_Build\Debug\Obj\stm32f10x_fsmc.o
#        C:\Users\KSK\Desktop\TUT2-PWM-ADC\1.1.FW_APhi_Navigator\3.Project_APhi_Navigator\4.Project_Build\Debug\Obj\stm32f10x_gpio.o
#        C:\Users\KSK\Desktop\TUT2-PWM-ADC\1.1.FW_APhi_Navigator\3.Project_APhi_Navigator\4.Project_Build\Debug\Obj\stm32f10x_i2c.o
#        C:\Users\KSK\Desktop\TUT2-PWM-ADC\1.1.FW_APhi_Navigator\3.Project_APhi_Navigator\4.Project_Build\Debug\Obj\stm32f10x_it.o
#        C:\Users\KSK\Desktop\TUT2-PWM-ADC\1.1.FW_APhi_Navigator\3.Project_APhi_Navigator\4.Project_Build\Debug\Obj\stm32f10x_iwdg.o
#        C:\Users\KSK\Desktop\TUT2-PWM-ADC\1.1.FW_APhi_Navigator\3.Project_APhi_Navigator\4.Project_Build\Debug\Obj\stm32f10x_pwr.o
#        C:\Users\KSK\Desktop\TUT2-PWM-ADC\1.1.FW_APhi_Navigator\3.Project_APhi_Navigator\4.Project_Build\Debug\Obj\stm32f10x_rcc.o
#        C:\Users\KSK\Desktop\TUT2-PWM-ADC\1.1.FW_APhi_Navigator\3.Project_APhi_Navigator\4.Project_Build\Debug\Obj\stm32f10x_rtc.o
#        C:\Users\KSK\Desktop\TUT2-PWM-ADC\1.1.FW_APhi_Navigator\3.Project_APhi_Navigator\4.Project_Build\Debug\Obj\stm32f10x_sdio.o
#        C:\Users\KSK\Desktop\TUT2-PWM-ADC\1.1.FW_APhi_Navigator\3.Project_APhi_Navigator\4.Project_Build\Debug\Obj\stm32f10x_spi.o
#        C:\Users\KSK\Desktop\TUT2-PWM-ADC\1.1.FW_APhi_Navigator\3.Project_APhi_Navigator\4.Project_Build\Debug\Obj\stm32f10x_tim.o
#        C:\Users\KSK\Desktop\TUT2-PWM-ADC\1.1.FW_APhi_Navigator\3.Project_APhi_Navigator\4.Project_Build\Debug\Obj\stm32f10x_usart.o
#        C:\Users\KSK\Desktop\TUT2-PWM-ADC\1.1.FW_APhi_Navigator\3.Project_APhi_Navigator\4.Project_Build\Debug\Obj\stm32f10x_wwdg.o
#        C:\Users\KSK\Desktop\TUT2-PWM-ADC\1.1.FW_APhi_Navigator\3.Project_APhi_Navigator\4.Project_Build\Debug\Obj\stream_buffer.o
#        C:\Users\KSK\Desktop\TUT2-PWM-ADC\1.1.FW_APhi_Navigator\3.Project_APhi_Navigator\4.Project_Build\Debug\Obj\system_stm32f10x.o
#        C:\Users\KSK\Desktop\TUT2-PWM-ADC\1.1.FW_APhi_Navigator\3.Project_APhi_Navigator\4.Project_Build\Debug\Obj\tasks.o
#        C:\Users\KSK\Desktop\TUT2-PWM-ADC\1.1.FW_APhi_Navigator\3.Project_APhi_Navigator\4.Project_Build\Debug\Obj\Time_Manage_Function.o
#        C:\Users\KSK\Desktop\TUT2-PWM-ADC\1.1.FW_APhi_Navigator\3.Project_APhi_Navigator\4.Project_Build\Debug\Obj\Timer_Function.o
#        C:\Users\KSK\Desktop\TUT2-PWM-ADC\1.1.FW_APhi_Navigator\3.Project_APhi_Navigator\4.Project_Build\Debug\Obj\timers.o
#        C:\Users\KSK\Desktop\TUT2-PWM-ADC\1.1.FW_APhi_Navigator\3.Project_APhi_Navigator\4.Project_Build\Debug\Obj\USART1_AppCall_Function.o
#        C:\Users\KSK\Desktop\TUT2-PWM-ADC\1.1.FW_APhi_Navigator\3.Project_APhi_Navigator\4.Project_Build\Debug\Obj\USART1_Function.o
#        C:\Users\KSK\Desktop\TUT2-PWM-ADC\1.1.FW_APhi_Navigator\3.Project_APhi_Navigator\4.Project_Build\Debug\Obj\UserTask.o
#        C:\Users\KSK\Desktop\TUT2-PWM-ADC\1.1.FW_APhi_Navigator\3.Project_APhi_Navigator\4.Project_Build\Debug\Obj\Utilities.o
#        C:\Users\KSK\Desktop\TUT2-PWM-ADC\1.1.FW_APhi_Navigator\3.Project_APhi_Navigator\4.Project_Build\Debug\Obj\Watchdog_Function.o
#        -o
#        C:\Users\KSK\Desktop\TUT2-PWM-ADC\1.1.FW_APhi_Navigator\3.Project_APhi_Navigator\4.Project_Build\Debug\Exe\c.out
#        --redirect _Printf=_PrintfSmall --redirect _Scanf=_ScanfSmall --map
#        C:\Users\KSK\Desktop\TUT2-PWM-ADC\1.1.FW_APhi_Navigator\3.Project_APhi_Navigator\4.Project_Build\Debug\List\c.map
#        --config
#        C:\Users\KSK\Desktop\TUT2-PWM-ADC\1.1.FW_APhi_Navigator\3.Project_APhi_Navigator\4.Project_Build\..\..\3.Project_APhi_Navigator\2.MainSource\\stm32f103x8_FWWithBootloader.icf
#        --entry __iar_program_start --inline --vfe --text_out locale)
#
###############################################################################

*******************************************************************************
*** RUNTIME MODEL ATTRIBUTES
***

CppFlavor       = *
__SystemLibrary = DLib
__dlib_version  = 6


*******************************************************************************
*** HEAP SELECTION
***

The basic heap was selected because no calls to memory allocation
functions were found in the application outside of system library
functions, and there are calls to deallocation functions in the
application.


*******************************************************************************
*** PLACEMENT SUMMARY
***

"A0":  place at 0x08005000 { ro section .intvec };
"P1":  place in [from 0x08005000 to 0x0803ffff] { ro };
define block CSTACK with size = 1K, alignment = 8 { };
define block HEAP with size = 1K, alignment = 8 { };
"P2":  place in [from 0x20000000 to 0x2000bfff] {
          rw, block CSTACK, block HEAP };
initialize by copy { rw };

No sections matched the following patterns:

  ro section .BOOTLOADER            in "A1"
  ro section .FW_DECRIPTIONSEGMENT  in "A2"


  Section            Kind        Address    Size  Object
  -------            ----        -------    ----  ------
"A0":                                       0xec
  .intvec            ro code  0x08005000    0xec  startup_stm32f10x_md_freertos.o [1]
                            - 0x080050ec    0xec

"P1":                                     0x2ffe
  .text              ro code  0x080050ec   0x5d4  Project_Function.o [1]
  .text              ro code  0x080056c0    0xf4  system_stm32f10x.o [1]
  .text              ro code  0x080057b4    0xac  misc.o [1]
  .text              ro code  0x08005860   0x128  Timer_Function.o [1]
  .text              ro code  0x08005988    0x8c  USART1_AppCall_Function.o [1]
  .text              ro code  0x08005a14    0xf4  stm32f10x_rcc.o [1]
  .text              ro code  0x08005b08   0x170  stm32f10x_gpio.o [1]
  .text              ro code  0x08005c78   0x270  IO_Function.o [1]
  .text              ro code  0x08005ee8   0x11c  stm32f10x_flash.o [1]
  .text              ro code  0x08006004    0x68  memcmp.o [4]
  .text              ro code  0x0800606c    0xa6  ABImemcpy.o [4]
  .text              ro code  0x08006112    0x2a  Watchdog_Function.o [1]
  .text              ro code  0x0800613c   0x4e0  stm32f10x_tim.o [1]
  .text              ro code  0x0800661c   0x158  stm32f10x_dma.o [1]
  .text              ro code  0x08006774   0x124  stm32f10x_adc.o [1]
  .text              ro code  0x08006898    0x34  stm32f10x_iwdg.o [1]
  .text              ro code  0x080068cc    0x36  strlen.o [4]
  .text              ro code  0x08006904   0x19c  USART1_Function.o [1]
  .text              ro code  0x08006aa0    0x90  stm32f10x_exti.o [1]
  .text              ro code  0x08006b30   0x1d2  stm32f10x_usart.o [1]
  .text              ro code  0x08006d02    0x6e  ringbuf.o [1]
  .text              ro code  0x08006d70   0x544  tasks.o [1]
  .text              ro code  0x080072b4    0xe8  heap_2.o [1]
  .text              ro code  0x0800739c    0x3a  ABImemset48.o [4]
  .text              ro code  0x080073d6    0x92  list.o [1]
  .text              ro code  0x08007468    0xcc  port.o [1]
  CODE               ro code  0x08007534    0x88  portasm.o [1]
  .text              ro code  0x080075bc   0x2e4  ComFunction.o [1]
  .text              ro code  0x080078a0     0x6  ABImemclr4.o [4]
  .text              ro code  0x080078a8    0x1c  Utilities.o [1]
  .text              ro code  0x080078c4   0x1ae  IO_Kernel_Function.o [1]
  .text              ro code  0x08007a74   0x19c  IO_Kernel_Task.o [1]
  .text              ro code  0x08007c10    0x6c  Time_Manage_Function.o [1]
  .text              ro code  0x08007c7c    0x10  stm32f10x_rtc.o [1]
  .text              ro code  0x08007c8c    0xe8  UserTask.o [1]
  .text              ro code  0x08007d74    0x68  main.o [1]
  .text              ro code  0x08007ddc    0x60  stm32f10x_it.o [1]
  .text              ro code  0x08007e3c    0x40  zero_init3.o [4]
  .text              ro code  0x08007e7c    0x38  packbits_init_single.o [4]
  .text              ro code  0x08007eb4    0x28  data_init.o [4]
  .iar.init_table    const    0x08007edc    0x20  - Linker created -
  .text              ro code  0x08007efc    0x1e  cmain.o [4]
  .text              ro code  0x08007f1a     0x4  exit.o [3]
  .text              ro code  0x08007f20     0xa  cexit.o [4]
  .text              ro code  0x08007f2c     0xc  XXexit.o [4]
  .text              ro code  0x08007f38     0xc  cstartup_M.o [4]
  .text              ro code  0x08007f44     0x8  startup_stm32f10x_md_freertos.o [1]
  .text              ro code  0x08007f4c     0x4  startup_stm32f10x_md_freertos.o [1]
  .text              ro code  0x08007f50     0x4  startup_stm32f10x_md_freertos.o [1]
  .text              ro code  0x08007f54     0x4  startup_stm32f10x_md_freertos.o [1]
  .text              ro code  0x08007f58     0x4  startup_stm32f10x_md_freertos.o [1]
  .text              ro code  0x08007f5c     0x4  startup_stm32f10x_md_freertos.o [1]
  .text              ro code  0x08007f60     0x4  startup_stm32f10x_md_freertos.o [1]
  .text              ro code  0x08007f64     0x4  startup_stm32f10x_md_freertos.o [1]
  .text              ro code  0x08007f68     0x4  startup_stm32f10x_md_freertos.o [1]
  .text              ro code  0x08007f6c     0x4  startup_stm32f10x_md_freertos.o [1]
  .text              ro code  0x08007f70     0x4  startup_stm32f10x_md_freertos.o [1]
  .text              ro code  0x08007f74     0x4  startup_stm32f10x_md_freertos.o [1]
  .text              ro code  0x08007f78     0x4  startup_stm32f10x_md_freertos.o [1]
  .text              ro code  0x08007f7c     0x4  startup_stm32f10x_md_freertos.o [1]
  .text              ro code  0x08007f80     0x4  startup_stm32f10x_md_freertos.o [1]
  .text              ro code  0x08007f84     0x4  startup_stm32f10x_md_freertos.o [1]
  .text              ro code  0x08007f88     0x4  startup_stm32f10x_md_freertos.o [1]
  .text              ro code  0x08007f8c     0x4  startup_stm32f10x_md_freertos.o [1]
  .text              ro code  0x08007f90     0x4  startup_stm32f10x_md_freertos.o [1]
  .text              ro code  0x08007f94     0x4  startup_stm32f10x_md_freertos.o [1]
  .text              ro code  0x08007f98     0x4  startup_stm32f10x_md_freertos.o [1]
  .text              ro code  0x08007f9c     0x4  startup_stm32f10x_md_freertos.o [1]
  .text              ro code  0x08007fa0     0x4  startup_stm32f10x_md_freertos.o [1]
  .text              ro code  0x08007fa4     0x4  startup_stm32f10x_md_freertos.o [1]
  .text              ro code  0x08007fa8     0x4  startup_stm32f10x_md_freertos.o [1]
  .text              ro code  0x08007fac     0x4  startup_stm32f10x_md_freertos.o [1]
  .text              ro code  0x08007fb0     0x4  startup_stm32f10x_md_freertos.o [1]
  .text              ro code  0x08007fb4     0x4  startup_stm32f10x_md_freertos.o [1]
  .text              ro code  0x08007fb8     0x4  startup_stm32f10x_md_freertos.o [1]
  .text              ro code  0x08007fbc     0x4  startup_stm32f10x_md_freertos.o [1]
  .text              ro code  0x08007fc0     0x4  startup_stm32f10x_md_freertos.o [1]
  .text              ro code  0x08007fc4     0x4  startup_stm32f10x_md_freertos.o [1]
  .text              ro code  0x08007fc8     0x4  startup_stm32f10x_md_freertos.o [1]
  .text              ro code  0x08007fcc     0x4  startup_stm32f10x_md_freertos.o [1]
  .text              ro code  0x08007fd0     0x4  startup_stm32f10x_md_freertos.o [1]
  .text              ro code  0x08007fd4     0x4  startup_stm32f10x_md_freertos.o [1]
  .text              ro code  0x08007fd8     0x4  startup_stm32f10x_md_freertos.o [1]
  .text              ro code  0x08007fdc     0x4  startup_stm32f10x_md_freertos.o [1]
  .text              ro code  0x08007fe0     0x4  startup_stm32f10x_md_freertos.o [1]
  .text              ro code  0x08007fe4     0x4  startup_stm32f10x_md_freertos.o [1]
  .text              ro code  0x08007fe8     0x4  startup_stm32f10x_md_freertos.o [1]
  .text              ro code  0x08007fec     0x4  startup_stm32f10x_md_freertos.o [1]
  .text              ro code  0x08007ff0     0x4  startup_stm32f10x_md_freertos.o [1]
  .text              ro code  0x08007ff4     0x4  startup_stm32f10x_md_freertos.o [1]
  .text              ro code  0x08007ff8     0x4  startup_stm32f10x_md_freertos.o [1]
  .text              ro code  0x08007ffc     0x4  startup_stm32f10x_md_freertos.o [1]
  .text              ro code  0x08008000     0x4  startup_stm32f10x_md_freertos.o [1]
  .text              ro code  0x08008004     0x4  startup_stm32f10x_md_freertos.o [1]
  .text              ro code  0x08008008     0x4  startup_stm32f10x_md_freertos.o [1]
  .text              ro code  0x0800800c     0x4  startup_stm32f10x_md_freertos.o [1]
  .text              ro code  0x08008010     0x4  startup_stm32f10x_md_freertos.o [1]
  .text              ro code  0x08008014     0x4  startup_stm32f10x_md_freertos.o [1]
  .text              ro code  0x08008018     0x4  startup_stm32f10x_md_freertos.o [1]
  .rodata            const    0x0800801c     0x0  zero_init3.o [4]
  .rodata            const    0x0800801c     0x0  packbits_init_single.o [4]
  Initializer bytes  const    0x0800801c    0xce  <for P2-1>
                            - 0x080080ea  0x2ffe

"P2", part 1 of 3:                        0x195b
  P2-1                        0x20000000  0x195b  <Init block>
    .data            inited   0x20000000    0x10  Hardware_Function_Profile.o [1]
    .data            inited   0x20000010  0x1418  heap_2.o [1]
    .data            inited   0x20001428     0x4  port.o [1]
    .data            inited   0x2000142c   0x504  Project_Function.o [1]
    .data            inited   0x20001930    0x14  stm32f10x_rcc.o [1]
    .data            inited   0x20001944    0x14  system_stm32f10x.o [1]
    .data            inited   0x20001958     0x1  main.o [1]
    .data            inited   0x20001959     0x1  main.o [1]
    .data            inited   0x2000195a     0x1  USART1_Function.o [1]
                            - 0x2000195b  0x195b

"P2", part 2 of 3:                         0xc20
  .bss               zero     0x2000195c   0x320  Hardware_Function_Profile.o [1]
  .bss               zero     0x20001c7c   0x1f4  ComFunction.o [1]
  .bss               zero     0x20001e70   0x1f4  ComFunction.o [1]
  .bss               zero     0x20002064   0x190  Hardware_Function_Profile.o [1]
  .bss               zero     0x200021f4    0xa0  tasks.o [1]
  .bss               zero     0x20002294    0x98  ComFunction.o [1]
  .bss               zero     0x2000232c    0x8c  tasks.o [1]
  .bss               zero     0x200023b8    0x68  IO_Kernel_Task.o [1]
  .bss               zero     0x20002420    0x34  IO_Kernel_Function.o [1]
  .bss               zero     0x20002454    0x2c  Hardware_Function_Profile.o [1]
  .bss               zero     0x20002480    0x14  IO_Function.o [1]
  .bss               zero     0x20002494    0x14  IO_Function.o [1]
  .bss               zero     0x200024a8    0x14  IO_Function.o [1]
  .bss               zero     0x200024bc    0x14  IO_Function.o [1]
  .bss               zero     0x200024d0    0x14  Timer_Function.o [1]
  .bss               zero     0x200024e4    0x10  Hardware_Function_Profile.o [1]
  .bss               zero     0x200024f4    0x10  Hardware_Function_Profile.o [1]
  .bss               zero     0x20002504     0xc  ComFunction.o [1]
  .bss               zero     0x20002510     0xc  IO_Function.o [1]
  .bss               zero     0x2000251c     0xc  IO_Function.o [1]
  .bss               zero     0x20002528     0xc  IO_Function.o [1]
  .bss               zero     0x20002534     0xc  IO_Function.o [1]
  .bss               zero     0x20002540     0xc  IO_Function.o [1]
  .bss               zero     0x2000254c     0xc  IO_Function.o [1]
  .bss               zero     0x20002558     0xc  IO_Function.o [1]
  .bss               zero     0x20002564     0x8  main.o [1]
  .bss               zero     0x2000256c     0x4  ComFunction.o [1]
  .bss               zero     0x20002570     0x4  Project_Function.o [1]
  .bss               zero     0x20002574     0x2  Project_Function.o [1]
  .bss               zero     0x20002576     0x2  UserTask.o [1]
  .bss               zero     0x20002578     0x1  main.o [1]
  .bss               zero     0x20002579     0x1  main.o [1]
  .bss               zero     0x2000257a     0x1  Project_Function.o [1]
  .bss               zero     0x2000257b     0x1  Project_Function.o [1]
                            - 0x2000257c   0xc20

"P2", part 3 of 3:                         0x400
  CSTACK                      0x20002580   0x400  <Block>
    CSTACK           uninit   0x20002580   0x400  <Block tail>
                            - 0x20002980   0x400


*******************************************************************************
*** INIT TABLE
***

          Address     Size
          -------     ----
Zero (__iar_zero_init3)
    1 destination range, total size 0xc20:
          0x2000195c   0xc20

Copy/packbits (__iar_packbits_init_single3)
    1 source range, total size 0xce (3% of destination):
          0x0800801c    0xce
    1 destination range, total size 0x195b:
          0x20000000  0x195b



*******************************************************************************
*** MODULE SUMMARY
***

    Module                           ro code  ro data  rw data
    ------                           -------  -------  -------
C:\Users\KSK\Desktop\TUT2-PWM-ADC\1.1.FW_APhi_Navigator\3.Project_APhi_Navigator\4.Project_Build\Debug\Obj: [1]
    ComFunction.o                        740             1 168
    Hardware_Function_Profile.o                          1 292
    IO_Function.o                        624               164
    IO_Kernel_Function.o                 430                52
    IO_Kernel_Task.o                     412               104
    Project_Function.o                 1 492       41    1 292
    Time_Manage_Function.o               108
    Timer_Function.o                     296                20
    USART1_AppCall_Function.o            140
    USART1_Function.o                    412        1        1
    UserTask.o                           232                 2
    Utilities.o                           28
    Watchdog_Function.o                   42
    heap_2.o                             232      163    5 144
    list.o                               146
    main.o                               104                12
    misc.o                               172
    port.o                               204                 4
    portasm.o                            136
    ringbuf.o                            110
    startup_stm32f10x_md_freertos.o      452
    stm32f10x_adc.o                      292
    stm32f10x_dma.o                      344
    stm32f10x_exti.o                     144
    stm32f10x_flash.o                    284
    stm32f10x_gpio.o                     368
    stm32f10x_it.o                        96
    stm32f10x_iwdg.o                      52
    stm32f10x_rcc.o                      244        1       20
    stm32f10x_rtc.o                       16
    stm32f10x_tim.o                    1 248
    stm32f10x_usart.o                    466
    system_stm32f10x.o                   244                20
    tasks.o                            1 348               300
    ----------------------------------------------------------
    Total:                            11 658      206    9 595

command line: [2]
    ----------------------------------------------------------
    Total:

dl7M_tlf.a: [3]
    exit.o                                 4
    ----------------------------------------------------------
    Total:                                 4

rt7M_tl.a: [4]
    ABImemclr4.o                           6
    ABImemcpy.o                          166
    ABImemset48.o                         58
    XXexit.o                              12
    cexit.o                               10
    cmain.o                               30
    cstartup_M.o                          12
    data_init.o                           40
    memcmp.o                             104
    packbits_init_single.o                56
    strlen.o                              54
    zero_init3.o                          64
    ----------------------------------------------------------
    Total:                               612

    Gaps                                  10
    Linker created                                 32    1 024
--------------------------------------------------------------
    Grand Total:                      12 284      238   10 619


*******************************************************************************
*** ENTRY LIST
***

Entry                      Address    Size  Type      Object
-----                      -------    ----  ----      ------
.iar.init_table$$Base   0x08007edc           --   Gb  - Linker created -
.iar.init_table$$Limit  0x08007efc           --   Gb  - Linker created -
?main                   0x08007efd          Code  Gb  cmain.o [4]
ADCConvertedValue       0x20002574     0x2  Data  Gb  Project_Function.o [1]
ADCPrescTable           0x20001940     0x4  Data  Lc  stm32f10x_rcc.o [1]
ADC_Cmd                 0x080067b1    0x12  Code  Gb  stm32f10x_adc.o [1]
ADC_DMACmd              0x080067c3    0x12  Code  Gb  stm32f10x_adc.o [1]
ADC_GetCalibrationStatus
                        0x080067ef     0x4  Code  Gb  stm32f10x_adc.o [1]
ADC_GetResetCalibrationStatus
                        0x080067df     0x6  Code  Gb  stm32f10x_adc.o [1]
ADC_Init                0x08006775    0x3c  Code  Gb  stm32f10x_adc.o [1]
ADC_RegularChannelConfig
                        0x0800680b    0x84  Code  Gb  stm32f10x_adc.o [1]
ADC_ResetCalibration    0x080067d5     0xa  Code  Gb  stm32f10x_adc.o [1]
ADC_SoftwareStartConvCmd
                        0x080067f9    0x12  Code  Gb  stm32f10x_adc.o [1]
ADC_StartCalibration    0x080067e5     0xa  Code  Gb  stm32f10x_adc.o [1]
AHBPrescTable           0x20001944    0x10  Data  Gb  system_stm32f10x.o [1]
APBAHBPrescTable        0x20001930    0x10  Data  Lc  stm32f10x_rcc.o [1]
BusFault_Handler        0x08007de3     0x2  Code  Gb  stm32f10x_it.o [1]
CRC8Bits                0x080078a9    0x1c  Code  Gb  Utilities.o [1]
CRCData                 0x20002508     0x2  Data  Gb  ComFunction.o [1]
CSTACK$$Base            0x20002580           --   Gb  - Linker created -
CSTACK$$Limit           0x20002980           --   Gb  - Linker created -
DMA_Cmd                 0x08006723    0x18  Code  Gb  stm32f10x_dma.o [1]
DMA_DeInit              0x0800661d    0xd0  Code  Gb  stm32f10x_dma.o [1]
DMA_Init                0x080066ed    0x36  Code  Gb  stm32f10x_dma.o [1]
DebugMon_Handler        0x08007de7     0x2  Code  Gb  stm32f10x_it.o [1]
EXTI0_IRQHandler        0x08007de9     0x2  Code  Gb  stm32f10x_it.o [1]
EXTI9_5_IRQHandler      0x08007deb    0x46  Code  Gb  stm32f10x_it.o [1]
EXTI_ClearITPendingBit  0x08006b1d     0x2  Code  Gb  stm32f10x_exti.o [1]
EXTI_GetITStatus        0x08006b07    0x16  Code  Gb  stm32f10x_exti.o [1]
EXTI_Init               0x08006aa1    0x66  Code  Gb  stm32f10x_exti.o [1]
EnableUARTComm          0x20002505     0x1  Data  Gb  ComFunction.o [1]
FLASH_ClearFlag         0x08005f95     0x6  Code  Gb  stm32f10x_flash.o [1]
FLASH_ErasePage         0x08005f0d    0x3a  Code  Gb  stm32f10x_flash.o [1]
FLASH_Lock              0x08005efd     0x2  Code  Gb  stm32f10x_flash.o [1]
FLASH_ProgramWord       0x08005f47    0x4e  Code  Gb  stm32f10x_flash.o [1]
FLASH_Unlock            0x08005ee9     0x2  Code  Gb  stm32f10x_flash.o [1]
FLASH_WaitForLastOperation
                        0x08005f9b    0x50  Code  Gb  stm32f10x_flash.o [1]
GPIO_EXTILineConfig     0x08005c4b    0x24  Code  Gb  stm32f10x_gpio.o [1]
GPIO_Init               0x08005b09    0xbc  Code  Gb  stm32f10x_gpio.o [1]
GPIO_PinRemapConfig     0x08005bef    0x5c  Code  Gb  stm32f10x_gpio.o [1]
GPIO_ReadInputDataBit   0x08005bc5     0xe  Code  Gb  stm32f10x_gpio.o [1]
GPIO_ReadOutputDataBit  0x08005bd3     0xe  Code  Gb  stm32f10x_gpio.o [1]
GPIO_WriteBit           0x08005be1     0xe  Code  Gb  stm32f10x_gpio.o [1]
HardFault_Handler       0x08007ddf     0x2  Code  Gb  stm32f10x_it.o [1]
IO_BUTTON_1_Init        0x08005daf    0x74  Code  Gb  IO_Function.o [1]
IO_BUTTON_1_Read        0x08005e25     0x4  Code  Gb  IO_Function.o [1]
IO_BUTTON_2_Init        0x08005e29    0x74  Code  Gb  IO_Function.o [1]
IO_BUTTON_2_Read        0x08005e9d     0x4  Code  Gb  IO_Function.o [1]
IO_BUTTON_3_Init        0x08005ea7    0x2e  Code  Gb  IO_Function.o [1]
IO_BUTTON_3_Read        0x08005ed5     0x8  Code  Gb  IO_Function.o [1]
IO_LED1_Init            0x08005c79    0x3c  Code  Gb  IO_Function.o [1]
IO_LED1_Read            0x08005cb5     0xa  Code  Gb  IO_Function.o [1]
IO_LED1_Write           0x08005cc1     0xc  Code  Gb  IO_Function.o [1]
IO_LED1_WriteStatus     0x08005ccd     0xa  Code  Gb  IO_Function.o [1]
IO_RELAY_1_Init         0x08005cd7    0x34  Code  Gb  IO_Function.o [1]
IO_RELAY_1_Write        0x08005d0d     0xa  Code  Gb  IO_Function.o [1]
IO_RELAY_1_WriteStatus  0x08005d19     0x8  Code  Gb  IO_Function.o [1]
IO_RELAY_2_Init         0x08005d21    0x36  Code  Gb  IO_Function.o [1]
IO_RELAY_2_Write        0x08005d59     0x8  Code  Gb  IO_Function.o [1]
IO_RELAY_2_WriteStatus  0x08005d61     0x6  Code  Gb  IO_Function.o [1]
IO_RELAY_3_Init         0x08005d67    0x32  Code  Gb  IO_Function.o [1]
IO_RELAY_3_Write        0x08005d99     0x4  Code  Gb  IO_Function.o [1]
IO_RELAY_3_WriteStatus  0x08005da5     0x4  Code  Gb  IO_Function.o [1]
IWDG_Enable             0x080068b5     0xa  Code  Gb  stm32f10x_iwdg.o [1]
IWDG_Init               0x08006113    0x1c  Code  Gb  Watchdog_Function.o [1]
IWDG_ReloadCounter      0x080068ab     0xa  Code  Gb  stm32f10x_iwdg.o [1]
IWDG_SetPrescaler       0x0800689f     0x6  Code  Gb  stm32f10x_iwdg.o [1]
IWDG_SetReload          0x080068a5     0x6  Code  Gb  stm32f10x_iwdg.o [1]
IWDG_Start_Countdown    0x0800612f     0xe  Code  Gb  Watchdog_Function.o [1]
IWDG_WriteAccessCmd     0x08006899     0x6  Code  Gb  stm32f10x_iwdg.o [1]
MemManage_Handler       0x08007de1     0x2  Code  Gb  stm32f10x_it.o [1]
NMI_Handler             0x08007ddd     0x2  Code  Gb  stm32f10x_it.o [1]
NVIC_Init               0x080057bf    0x5a  Code  Gb  misc.o [1]
NVIC_PriorityGroupConfig
                        0x080057b5     0xa  Code  Gb  misc.o [1]
NVIC_SetVectorTable     0x08005819     0xc  Code  Gb  misc.o [1]
PACKAGE_BUFF            0x200022ac    0x80  Data  Gb  ComFunction.o [1]
RCC_AHBPeriphClockCmd   0x08005a89    0x12  Code  Gb  stm32f10x_rcc.o [1]
RCC_APB1PeriphClockCmd  0x08005aad    0x12  Code  Gb  stm32f10x_rcc.o [1]
RCC_APB1PeriphResetCmd  0x08005ad1    0x12  Code  Gb  stm32f10x_rcc.o [1]
RCC_APB2PeriphClockCmd  0x08005a9b    0x12  Code  Gb  stm32f10x_rcc.o [1]
RCC_APB2PeriphResetCmd  0x08005abf    0x12  Code  Gb  stm32f10x_rcc.o [1]
RCC_GetClocksFreq       0x08005a15    0x74  Code  Gb  stm32f10x_rcc.o [1]
RINGBUF_Get             0x08006d49    0x28  Code  Gb  ringbuf.o [1]
RINGBUF_Init            0x08006d03    0x1c  Code  Gb  ringbuf.o [1]
RINGBUF_Put             0x08006d1f    0x24  Code  Gb  ringbuf.o [1]
RTC_GetCounter          0x08007c7d     0xc  Code  Gb  stm32f10x_rtc.o [1]
Region$$Table$$Base     0x08007edc           --   Gb  - Linker created -
Region$$Table$$Limit    0x08007efc           --   Gb  - Linker created -
StrConfig               0x2000142c   0x400  Data  Gb  Project_Function.o [1]
StrConfigPara           0x2000182c   0x104  Data  Gb  Project_Function.o [1]
SysTick_CLKSourceConfig
                        0x08005825    0x1a  Code  Gb  misc.o [1]
SystemCoreClock         0x20001954     0x4  Data  Gb  system_stm32f10x.o [1]
SystemCoreClockUpdate   0x0800574b    0x40  Code  Gb  system_stm32f10x.o [1]
SystemInit              0x080056c1    0x8a  Code  Gb  system_stm32f10x.o [1]
TIM2_IRQHandler         0x080058d5    0x7c  Code  Gb  Timer_Function.o [1]
TIM2_IRQHandler{1}{2}::bCountReloadWatchdog
                        0x200024d0     0x2  Data  Lc  Timer_Function.o [1]
TIM_ARRPreloadConfig    0x0800657b    0x12  Code  Gb  stm32f10x_tim.o [1]
TIM_ClearITPendingBit   0x080065d3     0x2  Code  Gb  stm32f10x_tim.o [1]
TIM_Cmd                 0x08006541    0x14  Code  Gb  stm32f10x_tim.o [1]
TIM_CtrlPWMOutputs      0x08006555    0x16  Code  Gb  stm32f10x_tim.o [1]
TIM_DeInit              0x0800613d   0x1a8  Code  Gb  stm32f10x_tim.o [1]
TIM_GetITStatus         0x080065bf    0x14  Code  Gb  stm32f10x_tim.o [1]
TIM_ITConfig            0x0800656b    0x10  Code  Gb  stm32f10x_tim.o [1]
TIM_OC1Init             0x08006373    0x80  Code  Gb  stm32f10x_tim.o [1]
TIM_OC1PreloadConfig    0x08006593     0x6  Code  Gb  stm32f10x_tim.o [1]
TIM_OC2Init             0x080063f3    0x70  Code  Gb  stm32f10x_tim.o [1]
TIM_OC2PreloadConfig    0x080065a1     0x6  Code  Gb  stm32f10x_tim.o [1]
TIM_OC3Init             0x08006463    0x6c  Code  Gb  stm32f10x_tim.o [1]
TIM_OC3PreloadConfig    0x080065b1     0x6  Code  Gb  stm32f10x_tim.o [1]
TIM_OC4Init             0x080064d5    0x5a  Code  Gb  stm32f10x_tim.o [1]
TIM_TimeBaseInit        0x080062e5    0x8e  Code  Gb  stm32f10x_tim.o [1]
TIM_TimeBaseStructInit  0x0800652f    0x12  Code  Gb  stm32f10x_tim.o [1]
UART_BUFFER_RX          0x20001c7c   0x1f4  Data  Gb  ComFunction.o [1]
UART_BUFFER_TX          0x20001e70   0x1f4  Data  Gb  ComFunction.o [1]
UART_Comm               0x080075bd    0xbe  Code  Gb  ComFunction.o [1]
UART_Comm_Feedback_Command_Content
                        0x080076e9    0x6e  Code  Gb  ComFunction.o [1]
UART_MakeData           0x0800767b    0x6e  Code  Gb  ComFunction.o [1]
UART_Tick               0x2000250c     0x4  Data  Gb  ComFunction.o [1]
USART1_AppCall_GetByte  0x08005a11     0x4  Code  Gb  USART1_AppCall_Function.o [1]
USART1_AppCall_Init     0x08005989    0x34  Code  Gb  USART1_AppCall_Function.o [1]
USART1_AppCall_SendBuf  0x080059e5    0x1c  Code  Gb  USART1_AppCall_Function.o [1]
USART1_AppCall_SendByte
                        0x08005a01     0xe  Code  Gb  USART1_AppCall_Function.o [1]
USART1_AppCall_SendString
                        0x080059d5    0x10  Code  Gb  USART1_AppCall_Function.o [1]
USART1_Close            0x080069db     0x6  Code  Gb  USART1_Function.o [1]
USART1_Get_Byte_RX_RingBuf
                        0x08006a09    0x12  Code  Gb  USART1_Function.o [1]
USART1_IRQHandler       0x08006a1b    0x66  Code  Gb  USART1_Function.o [1]
USART1_IRQHandler::cChar
                        0x2000195a     0x1  Data  Lc  USART1_Function.o [1]
USART1_Init             0x08006905    0xd6  Code  Gb  USART1_Function.o [1]
USART1_InitStructure    0x20000000    0x10  Data  Gb  Hardware_Function_Profile.o [1]
USART1_RXBuff           0x20002064   0x190  Data  Gb  Hardware_Function_Profile.o [1]
USART1_RXRingBuff       0x200024e4    0x10  Data  Gb  Hardware_Function_Profile.o [1]
USART1_Send_Byte_TX_RingBuf
                        0x08006a01     0x8  Code  Gb  USART1_Function.o [1]
USART1_StartReceive     0x080069f1     0x8  Code  Gb  USART1_Function.o [1]
USART1_StartSend        0x080069e1     0x4  Code  Gb  USART1_Function.o [1]
USART1_StopReceive      0x080069f9     0x8  Code  Gb  USART1_Function.o [1]
USART1_StopSend         0x080069e5     0x2  Code  Gb  USART1_Function.o [1]
USART1_TXBuff           0x2000195c   0x320  Data  Gb  Hardware_Function_Profile.o [1]
USART1_TXRingBuff       0x200024f4    0x10  Data  Gb  Hardware_Function_Profile.o [1]
USART_Cmd               0x08006c69    0x14  Code  Gb  stm32f10x_usart.o [1]
USART_DeInit            0x08006b31    0x88  Code  Gb  stm32f10x_usart.o [1]
USART_GetITStatus       0x08006cc7    0x3c  Code  Gb  stm32f10x_usart.o [1]
USART_ITConfig          0x08006c7d    0x34  Code  Gb  stm32f10x_usart.o [1]
USART_Init              0x08006bb9    0x9a  Code  Gb  stm32f10x_usart.o [1]
USART_ReceiveData       0x08006cbf     0x8  Code  Gb  stm32f10x_usart.o [1]
USART_SendData          0x08006cb7     0x8  Code  Gb  stm32f10x_usart.o [1]
UsageFault_Handler      0x08007de5     0x2  Code  Gb  stm32f10x_it.o [1]
__aeabi_memclr4         0x080078a1          Code  Gb  ABImemclr4.o [4]
__aeabi_memcpy          0x0800606d          Code  Gb  ABImemcpy.o [4]
__aeabi_memcpy4         0x0800608d          Code  Gb  ABImemcpy.o [4]
__aeabi_memcpy8         0x0800608d          Code  Gb  ABImemcpy.o [4]
__aeabi_memset4         0x0800739d          Code  Gb  ABImemset48.o [4]
__aeabi_memset8         0x0800739d          Code  Gb  ABImemset48.o [4]
__cmain                 0x08007efd          Code  Gb  cmain.o [4]
__exit                  0x08007f2d          Code  Gb  XXexit.o [4]
__iar_Memset4_word      0x080073a5          Code  Gb  ABImemset48.o [4]
__iar_Memset8_word      0x080073a5          Code  Gb  ABImemset48.o [4]
__iar_data_init3        0x08007eb5    0x28  Code  Gb  data_init.o [4]
__iar_packbits_init_single3
                        0x08007e7d    0x38  Code  Gb  packbits_init_single.o [4]
__iar_program_start     0x08007f39          Code  Gb  cstartup_M.o [4]
__iar_systems$$module {Abs}
                        0x00000001          Data  Gb  command line/config [2]
__iar_zero_init3        0x08007e3d    0x40  Code  Gb  zero_init3.o [4]
__vector_table          0x08005000          Data  Gb  startup_stm32f10x_md_freertos.o [1]
_call_main              0x08007f09          Code  Gb  cmain.o [4]
_exit                   0x08007f21          Code  Gb  cexit.o [4]
_main                   0x08007f17          Code  Gb  cmain.o [4]
bClickCount             0x2000243c     0xc  Data  Lc  IO_Kernel_Function.o [1]
bFlagGetCommandLEDConfigUART1
                        0x200022a8     0x1  Data  Gb  ComFunction.o [1]
bFlag_1st_Case          0x20002576     0x1  Data  Gb  UserTask.o [1]
bFlag_Key_Bike_Int      0x2000257a     0x1  Data  Gb  Project_Function.o [1]
bFlag_Leg_Bike_Int      0x2000257b     0x1  Data  Gb  Project_Function.o [1]
bHoldOff                0x20002448     0xc  Data  Lc  IO_Kernel_Function.o [1]
bLEDConfigCommand       0x20002294    0x14  Data  Gb  ComFunction.o [1]
bLast_Idx_High          0x2000256d     0x1  Data  Gb  ComFunction.o [1]
bLast_Idx_Low           0x2000256c     0x1  Data  Gb  ComFunction.o [1]
clock_time_timer_ms     0x08007c15     0x4  Code  Gb  Time_Manage_Function.o [1]
clock_time_timer_rtc    0x08007c1d     0x4  Code  Gb  Time_Manage_Function.o [1]
clock_time_timer_s      0x08007c19     0x4  Code  Gb  Time_Manage_Function.o [1]
clock_time_timer_us     0x08007c11     0x4  Code  Gb  Time_Manage_Function.o [1]
eState_User_Task        0x20002577     0x1  Data  Gb  UserTask.o [1]
eUARTDetectEnCMD        0x20002504     0x1  Data  Gb  ComFunction.o [1]
exit                    0x08007f1b     0x4  Code  Gb  exit.o [3]
fIO_Button_Process      0x08007b15    0x6c  Code  Gb  IO_Kernel_Task.o [1]
fIO_LED_Process         0x08007bb5    0x24  Code  Gb  IO_Kernel_Task.o [1]
fIO_Relay_Process       0x08007b81    0x34  Code  Gb  IO_Kernel_Task.o [1]
flag_start_sample       0x20002420     0x4  Data  Lc  IO_Kernel_Function.o [1]
i_UART_RX               0x2000250a     0x2  Data  Gb  ComFunction.o [1]
i_UART_TX               0x2000256e     0x2  Data  Gb  ComFunction.o [1]
main                    0x08007d75    0x3c  Code  Gb  main.o [1]
memcmp                  0x08006005          Code  Gb  memcmp.o [4]
pBUT_1                  0x20002540     0xc  Data  Gb  IO_Function.o [1]
pBUT_2                  0x2000254c     0xc  Data  Gb  IO_Function.o [1]
pBUT_3                  0x20002558     0xc  Data  Gb  IO_Function.o [1]
pLED1                   0x20002510     0xc  Data  Gb  IO_Function.o [1]
pRELAY_1                0x2000251c     0xc  Data  Gb  IO_Function.o [1]
pRELAY_2                0x20002528     0xc  Data  Gb  IO_Function.o [1]
pRELAY_3                0x20002534     0xc  Data  Gb  IO_Function.o [1]
pStrConfig              0x20002570     0x4  Data  Gb  Project_Function.o [1]
pUSART1                 0x20002454    0x2c  Data  Gb  Hardware_Function_Profile.o [1]
prvAddCurrentTaskToDelayedList
                        0x0800723d    0x64  Code  Lc  tasks.o [1]
prvAddNewTaskToReadyList
                        0x08006e63    0xe6  Code  Lc  tasks.o [1]
prvIdleTask             0x080071b1    0x5e  Code  Lc  tasks.o [1]
prvInitialiseNewTask    0x08006dc9    0x9a  Code  Lc  tasks.o [1]
prvResetNextTaskUnblockTime
                        0x0800720f    0x1a  Code  Lc  tasks.o [1]
prvTaskExitError        0x08007489    0x10  Code  Lc  port.o [1]
pvPortMalloc            0x080072b5    0xae  Code  Gb  heap_2.o [1]
pvPortMalloc::xHeapHasBeenInitialised
                        0x20000024     0x4  Data  Lc  heap_2.o [1]
pxCurrentTCB            0x2000221c     0x4  Data  Gb  tasks.o [1]
pxDelayedTaskList       0x20002220     0x4  Data  Lc  tasks.o [1]
pxOverflowDelayedTaskList
                        0x20002224     0x4  Data  Lc  tasks.o [1]
pxPortInitialiseStack   0x08007469    0x20  Code  Gb  port.o [1]
pxReadyTasksLists       0x2000232c    0x8c  Data  Lc  tasks.o [1]
strIO_Button_Value      0x200023b8     0xc  Data  Gb  IO_Kernel_Task.o [1]
strLED_1                0x20002480    0x14  Data  Gb  IO_Function.o [1]
strOld_IO_Button_Value  0x200023c4     0xc  Data  Gb  IO_Kernel_Task.o [1]
strRELAY_1              0x20002494    0x14  Data  Gb  IO_Function.o [1]
strRELAY_2              0x200024a8    0x14  Data  Gb  IO_Function.o [1]
strRELAY_3              0x200024bc    0x14  Data  Gb  IO_Function.o [1]
strlen                  0x080068cd          Code  Gb  strlen.o [4]
tIO_Button_Task         0x200023f0    0x10  Data  Lc  IO_Kernel_Task.o [1]
tIO_Input_Task          0x200023d0    0x10  Data  Gb  IO_Kernel_Task.o [1]
tIO_LED_Task            0x20002410    0x10  Data  Lc  IO_Kernel_Task.o [1]
tIO_Output_Task         0x200023e0    0x10  Data  Gb  IO_Kernel_Task.o [1]
tIO_Relay_Task          0x20002400    0x10  Data  Lc  IO_Kernel_Task.o [1]
timer_expired           0x08007c65    0x18  Code  Gb  Time_Manage_Function.o [1]
timer_restart           0x08007c59     0xc  Code  Gb  Time_Manage_Function.o [1]
timer_set               0x08007c21    0x26  Code  Gb  Time_Manage_Function.o [1]
uTimeCheck              0x20002424     0xc  Data  Lc  IO_Kernel_Function.o [1]
uTimeHighResolution     0x200024d4     0x4  Data  Gb  Timer_Function.o [1]
uTimeMsCounter          0x200024d8     0x4  Data  Gb  Timer_Function.o [1]
uTimePress              0x20002430     0xc  Data  Lc  IO_Kernel_Function.o [1]
uTimeSCounter           0x200024dc     0x4  Data  Gb  Timer_Function.o [1]
uUnresetTimeHighResolution
                        0x200024e0     0x4  Data  Gb  Timer_Function.o [1]
ucHeap                  0x20000028  0x1400  Data  Lc  heap_2.o [1]
uxCriticalNesting       0x20001428     0x4  Data  Lc  port.o [1]
uxCurrentNumberOfTasks  0x20002240     0x4  Data  Lc  tasks.o [1]
uxDeletedTasksWaitingCleanUp
                        0x20002228     0x4  Data  Lc  tasks.o [1]
uxListRemove            0x08007443    0x26  Code  Gb  list.o [1]
uxPendedTicks           0x20002250     0x4  Data  Lc  tasks.o [1]
uxSchedulerSuspended    0x20002264     0x4  Data  Lc  tasks.o [1]
uxTaskNumber            0x2000225c     0x4  Data  Lc  tasks.o [1]
uxTopReadyPriority      0x20002248     0x4  Data  Lc  tasks.o [1]
vChangeDutyCycleOC1     0x080053f7     0xa  Code  Gb  Project_Function.o [1]
vComCommandProcess      0x080077a7    0x76  Code  Gb  ComFunction.o [1]
vComPortProcess         0x08007757    0x50  Code  Gb  ComFunction.o [1]
vComPortProcess::bUSARTReceive
                        0x20002506     0x1  Data  Lc  ComFunction.o [1]
vFLASH_UpdateData       0x080052fd    0x2c  Code  Gb  Project_Function.o [1]
vFLASH_User_Write       0x0800529d    0x60  Code  Gb  Project_Function.o [1]
vGetCurrentCounterTimeBaseMs
                        0x08005969     0x6  Code  Gb  Timer_Function.o [1]
vGetCurrentCounterTimeBaseS
                        0x0800596f     0x6  Code  Gb  Timer_Function.o [1]
vGetCurrentCounterTimeBaseUs
                        0x08005951    0x18  Code  Gb  Timer_Function.o [1]
vGetIOButtonValue       0x080078c5   0x106  Code  Gb  IO_Kernel_Function.o [1]
vIO_ConfigOutput        0x08007a43    0x30  Code  Gb  IO_Kernel_Function.o [1]
vIO_Kernel_Task         0x08007a75    0xa0  Code  Gb  IO_Kernel_Task.o [1]
vIO_Output              0x080079d1    0x72  Code  Gb  IO_Kernel_Function.o [1]
vInitPWMFunction        0x08005329    0xce  Code  Gb  Project_Function.o [1]
vInit_DMA_ADC_Function  0x08005409    0xde  Code  Gb  Project_Function.o [1]
vListInitialise         0x080073d7    0x1a  Code  Gb  list.o [1]
vListInitialiseItem     0x080073f1     0x6  Code  Gb  list.o [1]
vListInsert             0x0800740f    0x34  Code  Gb  list.o [1]
vListInsertEnd          0x080073f7    0x18  Code  Gb  list.o [1]
vMCU_Init_Hardware      0x080050ed    0x4c  Code  Gb  Project_Function.o [1]
vPortEnterCritical      0x080074bf    0x18  Code  Gb  port.o [1]
vPortExitCritical       0x080074d7    0x10  Code  Gb  port.o [1]
vPortFree               0x08007363    0x36  Code  Gb  heap_2.o [1]
vPortSVCHandler         0x0800757b          Code  Gb  portasm.o [1]
vPortStartFirstTask     0x0800759b          Code  Gb  portasm.o [1]
vProject_Init           0x08005139   0x164  Code  Gb  Project_Function.o [1]
vSetupTimerBaseFunction
                        0x08005861    0x74  Code  Gb  Timer_Function.o [1]
vTaskDelay              0x08006f95    0x2e  Code  Gb  tasks.o [1]
vTaskDelayUntil         0x08006f49    0x4c  Code  Gb  tasks.o [1]
vTaskStartScheduler     0x08006fc3    0x4c  Code  Gb  tasks.o [1]
vTaskSuspendAll         0x0800700f     0xc  Code  Gb  tasks.o [1]
vTaskSwitchContext      0x0800716b    0x46  Code  Gb  tasks.o [1]
vTimerBase_DelayMS      0x08005975     0xe  Code  Gb  Timer_Function.o [1]
vUserTask               0x08007c8d    0x2e  Code  Gb  UserTask.o [1]
vUserTaskMainProcess    0x08007cbd    0x9c  Code  Gb  UserTask.o [1]
xDelayedTaskList1       0x20002268    0x14  Data  Lc  tasks.o [1]
xDelayedTaskList2       0x2000227c    0x14  Data  Lc  tasks.o [1]
xEnd                    0x20000018     0x8  Data  Lc  heap_2.o [1]
xFlag_IO_Task_Init_Done
                        0x20002578     0x1  Data  Gb  main.o [1]
xFlag_IO_Task_Still_Running
                        0x20001958     0x1  Data  Gb  main.o [1]
xFlag_User_Task_Init_Done
                        0x20002579     0x1  Data  Gb  main.o [1]
xFlag_User_Task_Still_Running
                        0x20001959     0x1  Data  Gb  main.o [1]
xFreeBytesRemaining     0x20000020     0x4  Data  Lc  heap_2.o [1]
xIO_Task_Handle         0x20002564     0x4  Data  Gb  main.o [1]
xIdleTaskHandle         0x20002290     0x4  Data  Lc  tasks.o [1]
xNextTaskUnblockTime    0x20002260     0x4  Data  Lc  tasks.o [1]
xNumOfOverflows         0x20002258     0x4  Data  Lc  tasks.o [1]
xPendingReadyList       0x200021f4    0x14  Data  Lc  tasks.o [1]
xPortPendSVHandler      0x08007535          Code  Gb  portasm.o [1]
xPortStartScheduler     0x08007499    0x26  Code  Gb  port.o [1]
xPortSysTickHandler     0x080074e7    0x26  Code  Gb  port.o [1]
xSchedulerRunning       0x2000224c     0x4  Data  Lc  tasks.o [1]
xStart                  0x20000010     0x8  Data  Lc  heap_2.o [1]
xSuspendedTaskList      0x2000222c    0x14  Data  Lc  tasks.o [1]
xTaskCreate             0x08006d71    0x52  Code  Gb  tasks.o [1]
xTaskGetTickCount       0x080070b3     0x2  Code  Gb  tasks.o [1]
xTaskIncrementTick      0x080070bd    0xae  Code  Gb  tasks.o [1]
xTaskResumeAll          0x0800701b    0x98  Code  Gb  tasks.o [1]
xTasksWaitingTermination
                        0x20002208    0x14  Data  Lc  tasks.o [1]
xTickCount              0x20002244     0x4  Data  Lc  tasks.o [1]
xUser_Task_Handle       0x20002568     0x4  Data  Gb  main.o [1]
xYieldPending           0x20002254     0x4  Data  Lc  tasks.o [1]


[1] = C:\Users\KSK\Desktop\TUT2-PWM-ADC\1.1.FW_APhi_Navigator\3.Project_APhi_Navigator\4.Project_Build\Debug\Obj
[2] = command line
[3] = dl7M_tlf.a
[4] = rt7M_tl.a

  12 284 bytes of readonly  code memory
     238 bytes of readonly  data memory
  10 619 bytes of readwrite data memory

Errors: none
Warnings: none
